// Jest Snapshot v1, https://goo.gl/fbAQLP

exports[`renders as expected 1`] = `
<div>
  <h2
    className="MuiTypography-root-1 MuiTypography-title-7"
  >
    Temple
  </h2>
  <button
    className="MuiButtonBase-root-63 MuiButton-root-37 MuiButton-text-39 MuiButton-flat-42"
    disabled={false}
    onBlur={[Function]}
    onClick={[Function]}
    onContextMenu={[Function]}
    onFocus={[Function]}
    onKeyDown={[Function]}
    onKeyUp={[Function]}
    onMouseDown={[Function]}
    onMouseLeave={[Function]}
    onMouseUp={[Function]}
    onTouchEnd={[Function]}
    onTouchMove={[Function]}
    onTouchStart={[Function]}
    tabIndex="0"
    type="button"
  >
    <span
      className="MuiButton-label-38"
    >
      Copy stuff
    </span>
    <span
      className="MuiTouchRipple-root-66"
    />
  </button>
</div>
`;
